// Jest Snapshot v1, https://goo.gl/fbAQLP

exports[`expect to render CButton component 1`] = `ShallowWrapper {}`;
