// Jest Snapshot v1, https://goo.gl/fbAQLP

exports[`renders SummaryProductForTest without error 1`] = `ShallowWrapper {}`;
